// Jest Snapshot v1, https://goo.gl/fbAQLP

exports[`Renders a snapshot 1`] = `
<div>
  <h3>
    Upload Audio File
  </h3>
  <form
    onSubmit={[Function]}
  >
    <div
      className="form-group"
    >
      <label>
        File Name
      </label>
      <input
        autoFocus={true}
        className="form-control"
        id="file_name"
        name="file_name"
        onChange={[Function]}
        title="This control will display available files"
        type="file"
        value=""
      />
    </div>
    <div
      className="form-group"
    >
      <label>
        File Description
      </label>
      <input
        className="form-control"
        id="file_description"
        name="file_description"
        onChange={[Function]}
        type="text"
        value=""
      />
    </div>
    <div
      className="form-group"
    >
      <label>
        EMail
      </label>
      <input
        className="form-control"
        id="email"
        name="email"
        onChange={[Function]}
        type="text"
        value=""
      />
    </div>
    <div
      className="form-group"
    >
      <input
        className="btn btn-primary"
        title="Select to send your audio file for processing"
        type="submit"
        value="Upload"
      />
      Â 
      <input
        className="btn btn-primary"
        onClick={[Function]}
        title="Select to close this page"
        type="button"
        value="Close"
      />
    </div>
    <div
      className="form-group"
    >
      <label>
        Results
      </label>
      <input
        className="form-control"
        id="formError"
        name="formError"
        readOnly="readOnly"
        type="text"
        value=""
      />
    </div>
  </form>
</div>
`;
